Loading processed data...
  Loaded 4109 stops, 224 routes
  Grouped 4109 stops into 1562 groups
  Built bidirectional adjacency list with 4107 nodes
  Built stop pair route lookup with 5092 entries
  Built search index with 21511 prefixes
  Loaded pricing from /home/wati/Documents/mpk/pricing.json
  Loaded logo from /home/wati/Documents/mpk/public/logo.svg

Server running at http://localhost:8080
Serving static files from: /home/wati/Documents/mpk/public
API endpoints:
  /api/stops - All stops (grouped)
  /api/stops/search?q=<query> - Search stops
  /api/stop-platforms?id=<group_id> - Get platforms for a stop
  /api/find-route?from=<id>&to=<id> - Find route
  /api/cost?distance=<km> - Calculate cost
  /api/shapes?route_id=<id> - Get route shape
  /api/routes - All routes
  /api/stop?id=<id> - Get stop info
  /api/health - Health check

Optimizations: threading, route cache (10000 pathfinding + 5000 routes), gzip compression

  "GET /api/health HTTP/1.1" 200 -
Loading processed data...
  Loaded 4109 stops, 224 routes
  Grouped 4109 stops into 1562 groups
  Built bidirectional adjacency list with 4107 nodes
  Built stop pair route lookup with 5092 entries
  Built search index with 21511 prefixes
  Loaded pricing from /home/wati/Documents/mpk/pricing.json
  Loaded logo from /home/wati/Documents/mpk/public/logo.svg

Server running at http://localhost:8080
Serving static files from: /home/wati/Documents/mpk/public
API endpoints:
  /api/stops - All stops (grouped)
  /api/stops/search?q=<query> - Search stops
  /api/stop-platforms?id=<group_id> - Get platforms for a stop
  /api/find-route?from=<id>&to=<id> - Find route
  /api/cost?distance=<km> - Calculate cost
  /api/shapes?route_id=<id> - Get route shape
  /api/routes - All routes
  /api/stop?id=<id> - Get stop info
  /api/health - Health check

Optimizations: threading, route cache (10000 pathfinding + 5000 routes), gzip compression

  "GET /api/health HTTP/1.1" 200 -
  "GET /api/health HTTP/1.1" 200 -
Loading processed data...
  Loaded 4109 stops, 224 routes
  Grouped 4109 stops into 1562 groups
  Built bidirectional adjacency list with 4107 nodes
  Built stop pair route lookup with 5092 entries
  Built search index with 21511 prefixes
  Loaded pricing from /home/wati/Documents/mpk/pricing.json

Server running at http://localhost:8080
Serving static files from: /home/wati/Documents/mpk/public
API endpoints:
  /api/stops - All stops (grouped)
  /api/stops/search?q=<query> - Search stops
  /api/stop-platforms?id=<group_id> - Get platforms for a stop
  /api/find-route?from=<id>&to=<id> - Find route
  /api/cost?distance=<km> - Calculate cost
  /api/shapes?route_id=<id> - Get route shape
  /api/routes - All routes
  /api/stop?id=<id> - Get stop info
  /api/health - Health check

Optimizations: threading, route cache (10000 pathfinding + 5000 routes), gzip compression

  "GET /api/health HTTP/1.1" 200 -
  "GET /api/health HTTP/1.1" 200 -
  "GET /api/health HTTP/1.1" 200 -
  Warmed up 390 route cache entries
Loading processed data...
  Loaded 4109 stops, 224 routes
  Grouped 4109 stops into 1562 groups
  Built bidirectional adjacency list with 4107 nodes
  Built stop pair route lookup with 5092 entries
  Built search index with 21511 prefixes
  Loaded pricing from /home/wati/Documents/mpk/pricing.json

Server running at http://localhost:8080
Serving static files from: /home/wati/Documents/mpk/public
API endpoints:
  /api/stops - All stops (grouped)
  /api/stops/search?q=<query> - Search stops
  /api/stop-platforms?id=<group_id> - Get platforms for a stop
  /api/find-route?from=<id>&to=<id> - Find route
  /api/cost?distance=<km> - Calculate cost
  /api/shapes?route_id=<id> - Get route shape
  /api/routes - All routes
  /api/stop?id=<id> - Get stop info
  /api/health - Health check

Optimizations: threading, route cache (10000 pathfinding + 5000 routes), gzip compression

  "GET /api/health HTTP/1.1" 200 -
  "GET /api/health HTTP/1.1" 200 -
  Warmed up 390 route cache entries
  "GET /api/health HTTP/1.1" 200 -
Loading processed data...
  Loaded 4109 stops, 224 routes
  Grouped 4109 stops into 1562 groups
  Built bidirectional adjacency list with 4107 nodes
  Built stop pair route lookup with 5092 entries
  Built search index with 21511 prefixes
  Loaded pricing from /home/wati/Documents/mpk/pricing.json

Server running at http://localhost:8080
Serving static files from: /home/wati/Documents/mpk/public
API endpoints:
  /api/stops - All stops (grouped)
  /api/stops/search?q=<query> - Search stops
  /api/stop-platforms?id=<group_id> - Get platforms for a stop
  /api/find-route?from=<id>&to=<id> - Find route
  /api/cost?distance=<km> - Calculate cost
  /api/shapes?route_id=<id> - Get route shape
  /api/routes - All routes
  /api/stop?id=<id> - Get stop info
  /api/health - Health check

Optimizations: threading, route cache (10000 pathfinding + 5000 routes), gzip compression

  "GET /api/health HTTP/1.1" 200 -
  "GET /api/health HTTP/1.1" 200 -
  "GET /api/health HTTP/1.1" 200 -
  Warmed up 390 route cache entries
